// Jest Snapshot v1, https://goo.gl/fbAQLP

exports[`renders the list correctly 1`] = `
<h3
  class="f4 fwl baskerville mt0 lh-title"
>
  My favorite recipe
</h3>
`;

exports[`renders the list correctly 2`] = `
<p>
  Easy, healthy, cheap, delicious
</p>
`;

exports[`renders the list correctly 3`] = `
<div>
  Secret ingredient
</div>
`;
